// Jest Snapshot v1, https://goo.gl/fbAQLP

exports[`PageMain correctly render 1`] = `
<main
  className="page-content"
>
  <section>
    <h2>
      Main
    </h2>
    <article>
      input
    </article>
    <div>
      <div>
        <div>
          test
        </div>
        <div>
          test
        </div>
        <div>
          test
        </div>
        <div>
          test
        </div>
        <div>
          test
        </div>
      </div>
    </div>
  </section>
</main>
`;
