// Jest Snapshot v1, https://goo.gl/fbAQLP

exports[`MenuUser correctly render with data 1`] = `
<div
  className="menu-box"
>
  <button
    className="menu-box__btn menu-box__btn_active"
    onClick={[MockFunction]}
  >
    t
  </button>
  <div
    className="menu-user menu-user_open"
  >
    <div
      className="menu-user__box"
    >
      <nav
        className="menu-user__nav"
      >
        <ul
          className="menu-user__ul"
        >
          <li
            className="menu-user__item"
          >
            <ContainerButton
              onButtonCLick={[MockFunction]}
            />
          </li>
          <li
            className="menu-user__item"
          >
            <Connect(WithFormState)
              formType="SIGN_IN"
              isTitel={false}
              titel="Sign In"
            />
          </li>
          <li
            className="menu-user__item"
          >
            <Link
              className="menu-user__link"
              to="/signup"
            >
              <div
                className="menu-user__icon"
              >
                N
              </div>
              <div
                className="menu-user__text"
              >
                SignUp
              </div>
            </Link>
          </li>
        </ul>
      </nav>
    </div>
    <div
      className="menu-user__arrow"
    />
  </div>
</div>
`;

exports[`MenuUser correctly render without data 1`] = `
<div
  className="menu-box"
>
  <button
    className="menu-box__btn menu-box__btn_active"
    onClick={[MockFunction]}
  >
    t
  </button>
  <div
    className="menu-user menu-user_open"
  >
    <div
      className="menu-user__box"
    >
      <nav
        className="menu-user__nav"
      >
        <ul
          className="menu-user__ul"
        >
          <li
            className="menu-user__item"
          >
            <ContainerButton
              onButtonCLick={[MockFunction]}
            />
          </li>
          <li
            className="menu-user__item"
          >
            <Connect(WithFormState)
              formType="SIGN_IN"
              isTitel={false}
              titel="Sign In"
            />
          </li>
          <li
            className="menu-user__item"
          >
            <Link
              className="menu-user__link"
              to="/signup"
            >
              <div
                className="menu-user__icon"
              >
                N
              </div>
              <div
                className="menu-user__text"
              >
                SignUp
              </div>
            </Link>
          </li>
        </ul>
      </nav>
    </div>
    <div
      className="menu-user__arrow"
    />
  </div>
</div>
`;
