// Jest Snapshot v1, https://goo.gl/fbAQLP

exports[`Header correctly render 1`] = `
<header
  className="page-header"
>
  <div
    className="logo"
  >
    <Link
      className="logo__link"
      to="/"
    >
      <img
        className="logo__img"
        src="img/walrus-icon-white.png"
      />
    </Link>
  </div>
  <nav
    className="menu"
  >
    <ul
      className="menu__ul"
    >
      <li
        className="menu__item"
      >
        <Link
          className="menu__link"
          to="/"
        >
          Main
        </Link>
        <span
          className="menu__line"
        />
      </li>
      <li
        className="menu__item"
      >
        <Link
          className="menu__link"
          to="/info"
        >
          Info
        </Link>
      </li>
      <li
        className="menu__item"
      >
        <Link
          className="menu__link"
          to="/option"
        >
          Option
        </Link>
      </li>
    </ul>
  </nav>
  <div
    className="user"
  >
    <Connect(WithUserMenuState) />
  </div>
</header>
`;
