// Jest Snapshot v1, https://goo.gl/fbAQLP

exports[`PageSignUp correctly render 1`] = `
<div
  className="page"
>
  <Header />
  <main
    className="page-content"
  >
    <section
      className="form-custom-box"
    >
      <Connect(WithFormState)
        formType="SIGN_UP"
        titel="Sign Up"
      />
    </section>
  </main>
  <Footer />
</div>
`;
